------------------------------------------------------------
TimeQuest Timing Analyzer Summary
------------------------------------------------------------

Type  : Slow 1200mV 85C Model Setup 'FETCH_MUSIC_inst|PLL25_inst|altpll_component|auto_generated|pll1|clk[0]'
Slack : -5.104
TNS   : -54.025

Type  : Slow 1200mV 85C Model Setup 'FETCH_MUSIC:FETCH_MUSIC_inst|FDIV:FDIV_inst|FULL'
Slack : -2.917
TNS   : -39.572

Type  : Slow 1200mV 85C Model Setup 'ext_clk_25m'
Slack : -2.336
TNS   : -6.081

Type  : Slow 1200mV 85C Model Setup 'PLAYER:PLAYER_inst|SPKER:SPKER_inst|SPKS'
Slack : 0.114
TNS   : 0.000

Type  : Slow 1200mV 85C Model Setup 'FETCH_MUSIC_inst|PLL25_inst|altpll_component|auto_generated|pll1|clk[1]'
Slack : 499997.431
TNS   : 0.000

Type  : Slow 1200mV 85C Model Hold 'FETCH_MUSIC:FETCH_MUSIC_inst|FDIV:FDIV_inst|FULL'
Slack : 0.427
TNS   : 0.000

Type  : Slow 1200mV 85C Model Hold 'ext_clk_25m'
Slack : 0.433
TNS   : 0.000

Type  : Slow 1200mV 85C Model Hold 'FETCH_MUSIC_inst|PLL25_inst|altpll_component|auto_generated|pll1|clk[1]'
Slack : 0.465
TNS   : 0.000

Type  : Slow 1200mV 85C Model Hold 'PLAYER:PLAYER_inst|SPKER:SPKER_inst|SPKS'
Slack : 0.497
TNS   : 0.000

Type  : Slow 1200mV 85C Model Hold 'FETCH_MUSIC_inst|PLL25_inst|altpll_component|auto_generated|pll1|clk[0]'
Slack : 0.744
TNS   : 0.000

Type  : Slow 1200mV 85C Model Recovery 'FETCH_MUSIC_inst|PLL25_inst|altpll_component|auto_generated|pll1|clk[1]'
Slack : 499996.776
TNS   : 0.000

Type  : Slow 1200mV 85C Model Removal 'FETCH_MUSIC_inst|PLL25_inst|altpll_component|auto_generated|pll1|clk[1]'
Slack : 1.753
TNS   : 0.000

Type  : Slow 1200mV 85C Model Minimum Pulse Width 'FETCH_MUSIC:FETCH_MUSIC_inst|FDIV:FDIV_inst|FULL'
Slack : -3.201
TNS   : -30.875

Type  : Slow 1200mV 85C Model Minimum Pulse Width 'PLAYER:PLAYER_inst|SPKER:SPKER_inst|SPKS'
Slack : -1.487
TNS   : -1.487

Type  : Slow 1200mV 85C Model Minimum Pulse Width 'ext_clk_25m'
Slack : 19.754
TNS   : 0.000

Type  : Slow 1200mV 85C Model Minimum Pulse Width 'FETCH_MUSIC_inst|PLL25_inst|altpll_component|auto_generated|pll1|clk[0]'
Slack : 499.687
TNS   : 0.000

Type  : Slow 1200mV 85C Model Minimum Pulse Width 'FETCH_MUSIC_inst|PLL25_inst|altpll_component|auto_generated|pll1|clk[1]'
Slack : 249999.718
TNS   : 0.000

Type  : Slow 1200mV 0C Model Setup 'FETCH_MUSIC_inst|PLL25_inst|altpll_component|auto_generated|pll1|clk[0]'
Slack : -4.576
TNS   : -48.032

Type  : Slow 1200mV 0C Model Setup 'FETCH_MUSIC:FETCH_MUSIC_inst|FDIV:FDIV_inst|FULL'
Slack : -2.718
TNS   : -36.251

Type  : Slow 1200mV 0C Model Setup 'ext_clk_25m'
Slack : -2.135
TNS   : -5.487

Type  : Slow 1200mV 0C Model Setup 'PLAYER:PLAYER_inst|SPKER:SPKER_inst|SPKS'
Slack : 0.208
TNS   : 0.000

Type  : Slow 1200mV 0C Model Setup 'FETCH_MUSIC_inst|PLL25_inst|altpll_component|auto_generated|pll1|clk[1]'
Slack : 499997.656
TNS   : 0.000

Type  : Slow 1200mV 0C Model Hold 'ext_clk_25m'
Slack : 0.382
TNS   : 0.000

Type  : Slow 1200mV 0C Model Hold 'FETCH_MUSIC:FETCH_MUSIC_inst|FDIV:FDIV_inst|FULL'
Slack : 0.390
TNS   : 0.000

Type  : Slow 1200mV 0C Model Hold 'FETCH_MUSIC_inst|PLL25_inst|altpll_component|auto_generated|pll1|clk[1]'
Slack : 0.417
TNS   : 0.000

Type  : Slow 1200mV 0C Model Hold 'PLAYER:PLAYER_inst|SPKER:SPKER_inst|SPKS'
Slack : 0.445
TNS   : 0.000

Type  : Slow 1200mV 0C Model Hold 'FETCH_MUSIC_inst|PLL25_inst|altpll_component|auto_generated|pll1|clk[0]'
Slack : 0.689
TNS   : 0.000

Type  : Slow 1200mV 0C Model Recovery 'FETCH_MUSIC_inst|PLL25_inst|altpll_component|auto_generated|pll1|clk[1]'
Slack : 499997.061
TNS   : 0.000

Type  : Slow 1200mV 0C Model Removal 'FETCH_MUSIC_inst|PLL25_inst|altpll_component|auto_generated|pll1|clk[1]'
Slack : 1.620
TNS   : 0.000

Type  : Slow 1200mV 0C Model Minimum Pulse Width 'FETCH_MUSIC:FETCH_MUSIC_inst|FDIV:FDIV_inst|FULL'
Slack : -3.201
TNS   : -30.875

Type  : Slow 1200mV 0C Model Minimum Pulse Width 'PLAYER:PLAYER_inst|SPKER:SPKER_inst|SPKS'
Slack : -1.487
TNS   : -1.487

Type  : Slow 1200mV 0C Model Minimum Pulse Width 'ext_clk_25m'
Slack : 19.727
TNS   : 0.000

Type  : Slow 1200mV 0C Model Minimum Pulse Width 'FETCH_MUSIC_inst|PLL25_inst|altpll_component|auto_generated|pll1|clk[0]'
Slack : 499.670
TNS   : 0.000

Type  : Slow 1200mV 0C Model Minimum Pulse Width 'FETCH_MUSIC_inst|PLL25_inst|altpll_component|auto_generated|pll1|clk[1]'
Slack : 249999.718
TNS   : 0.000

Type  : Fast 1200mV 0C Model Setup 'FETCH_MUSIC_inst|PLL25_inst|altpll_component|auto_generated|pll1|clk[0]'
Slack : -2.150
TNS   : -23.025

Type  : Fast 1200mV 0C Model Setup 'FETCH_MUSIC:FETCH_MUSIC_inst|FDIV:FDIV_inst|FULL'
Slack : -0.920
TNS   : -10.154

Type  : Fast 1200mV 0C Model Setup 'ext_clk_25m'
Slack : -0.846
TNS   : -1.983

Type  : Fast 1200mV 0C Model Setup 'PLAYER:PLAYER_inst|SPKER:SPKER_inst|SPKS'
Slack : 0.626
TNS   : 0.000

Type  : Fast 1200mV 0C Model Setup 'FETCH_MUSIC_inst|PLL25_inst|altpll_component|auto_generated|pll1|clk[1]'
Slack : 499998.924
TNS   : 0.000

Type  : Fast 1200mV 0C Model Hold 'FETCH_MUSIC:FETCH_MUSIC_inst|FDIV:FDIV_inst|FULL'
Slack : 0.169
TNS   : 0.000

Type  : Fast 1200mV 0C Model Hold 'ext_clk_25m'
Slack : 0.179
TNS   : 0.000

Type  : Fast 1200mV 0C Model Hold 'FETCH_MUSIC_inst|PLL25_inst|altpll_component|auto_generated|pll1|clk[1]'
Slack : 0.193
TNS   : 0.000

Type  : Fast 1200mV 0C Model Hold 'PLAYER:PLAYER_inst|SPKER:SPKER_inst|SPKS'
Slack : 0.208
TNS   : 0.000

Type  : Fast 1200mV 0C Model Hold 'FETCH_MUSIC_inst|PLL25_inst|altpll_component|auto_generated|pll1|clk[0]'
Slack : 0.297
TNS   : 0.000

Type  : Fast 1200mV 0C Model Recovery 'FETCH_MUSIC_inst|PLL25_inst|altpll_component|auto_generated|pll1|clk[1]'
Slack : 499998.565
TNS   : 0.000

Type  : Fast 1200mV 0C Model Removal 'FETCH_MUSIC_inst|PLL25_inst|altpll_component|auto_generated|pll1|clk[1]'
Slack : 0.744
TNS   : 0.000

Type  : Fast 1200mV 0C Model Minimum Pulse Width 'FETCH_MUSIC:FETCH_MUSIC_inst|FDIV:FDIV_inst|FULL'
Slack : -1.000
TNS   : -15.000

Type  : Fast 1200mV 0C Model Minimum Pulse Width 'PLAYER:PLAYER_inst|SPKER:SPKER_inst|SPKS'
Slack : -1.000
TNS   : -1.000

Type  : Fast 1200mV 0C Model Minimum Pulse Width 'ext_clk_25m'
Slack : 19.411
TNS   : 0.000

Type  : Fast 1200mV 0C Model Minimum Pulse Width 'FETCH_MUSIC_inst|PLL25_inst|altpll_component|auto_generated|pll1|clk[0]'
Slack : 499.786
TNS   : 0.000

Type  : Fast 1200mV 0C Model Minimum Pulse Width 'FETCH_MUSIC_inst|PLL25_inst|altpll_component|auto_generated|pll1|clk[1]'
Slack : 249999.797
TNS   : 0.000

------------------------------------------------------------
