------------------------------------------------------------
TimeQuest Timing Analyzer Summary
------------------------------------------------------------

Type  : Slow 1200mV 85C Model Setup 'PLL25_inst|altpll_component|auto_generated|pll1|clk[0]'
Slack : -5.849
TNS   : -61.494

Type  : Slow 1200mV 85C Model Setup 'ext_clk_25m'
Slack : -3.142
TNS   : -8.463

Type  : Slow 1200mV 85C Model Setup 'FDIV:FDIV_inst|FULL'
Slack : -2.951
TNS   : -40.644

Type  : Slow 1200mV 85C Model Setup 'SPKER:SPKER_inst|SPKS'
Slack : 0.114
TNS   : 0.000

Type  : Slow 1200mV 85C Model Setup 'PLL25_inst|altpll_component|auto_generated|pll1|clk[1]'
Slack : 499997.645
TNS   : 0.000

Type  : Slow 1200mV 85C Model Hold 'ext_clk_25m'
Slack : 0.453
TNS   : 0.000

Type  : Slow 1200mV 85C Model Hold 'PLL25_inst|altpll_component|auto_generated|pll1|clk[1]'
Slack : 0.465
TNS   : 0.000

Type  : Slow 1200mV 85C Model Hold 'SPKER:SPKER_inst|SPKS'
Slack : 0.497
TNS   : 0.000

Type  : Slow 1200mV 85C Model Hold 'FDIV:FDIV_inst|FULL'
Slack : 0.519
TNS   : 0.000

Type  : Slow 1200mV 85C Model Hold 'PLL25_inst|altpll_component|auto_generated|pll1|clk[0]'
Slack : 0.742
TNS   : 0.000

Type  : Slow 1200mV 85C Model Recovery 'PLL25_inst|altpll_component|auto_generated|pll1|clk[1]'
Slack : 499996.791
TNS   : 0.000

Type  : Slow 1200mV 85C Model Removal 'PLL25_inst|altpll_component|auto_generated|pll1|clk[1]'
Slack : 1.778
TNS   : 0.000

Type  : Slow 1200mV 85C Model Minimum Pulse Width 'FDIV:FDIV_inst|FULL'
Slack : -3.201
TNS   : -30.875

Type  : Slow 1200mV 85C Model Minimum Pulse Width 'SPKER:SPKER_inst|SPKS'
Slack : -1.487
TNS   : -1.487

Type  : Slow 1200mV 85C Model Minimum Pulse Width 'ext_clk_25m'
Slack : 19.780
TNS   : 0.000

Type  : Slow 1200mV 85C Model Minimum Pulse Width 'PLL25_inst|altpll_component|auto_generated|pll1|clk[0]'
Slack : 499.702
TNS   : 0.000

Type  : Slow 1200mV 85C Model Minimum Pulse Width 'PLL25_inst|altpll_component|auto_generated|pll1|clk[1]'
Slack : 249999.720
TNS   : 0.000

Type  : Slow 1200mV 0C Model Setup 'PLL25_inst|altpll_component|auto_generated|pll1|clk[0]'
Slack : -5.218
TNS   : -54.978

Type  : Slow 1200mV 0C Model Setup 'ext_clk_25m'
Slack : -2.871
TNS   : -7.705

Type  : Slow 1200mV 0C Model Setup 'FDIV:FDIV_inst|FULL'
Slack : -2.720
TNS   : -36.950

Type  : Slow 1200mV 0C Model Setup 'SPKER:SPKER_inst|SPKS'
Slack : 0.208
TNS   : 0.000

Type  : Slow 1200mV 0C Model Setup 'PLL25_inst|altpll_component|auto_generated|pll1|clk[1]'
Slack : 499997.872
TNS   : 0.000

Type  : Slow 1200mV 0C Model Hold 'ext_clk_25m'
Slack : 0.401
TNS   : 0.000

Type  : Slow 1200mV 0C Model Hold 'PLL25_inst|altpll_component|auto_generated|pll1|clk[1]'
Slack : 0.416
TNS   : 0.000

Type  : Slow 1200mV 0C Model Hold 'SPKER:SPKER_inst|SPKS'
Slack : 0.445
TNS   : 0.000

Type  : Slow 1200mV 0C Model Hold 'FDIV:FDIV_inst|FULL'
Slack : 0.480
TNS   : 0.000

Type  : Slow 1200mV 0C Model Hold 'PLL25_inst|altpll_component|auto_generated|pll1|clk[0]'
Slack : 0.688
TNS   : 0.000

Type  : Slow 1200mV 0C Model Recovery 'PLL25_inst|altpll_component|auto_generated|pll1|clk[1]'
Slack : 499997.101
TNS   : 0.000

Type  : Slow 1200mV 0C Model Removal 'PLL25_inst|altpll_component|auto_generated|pll1|clk[1]'
Slack : 1.638
TNS   : 0.000

Type  : Slow 1200mV 0C Model Minimum Pulse Width 'FDIV:FDIV_inst|FULL'
Slack : -3.201
TNS   : -30.875

Type  : Slow 1200mV 0C Model Minimum Pulse Width 'SPKER:SPKER_inst|SPKS'
Slack : -1.487
TNS   : -1.487

Type  : Slow 1200mV 0C Model Minimum Pulse Width 'ext_clk_25m'
Slack : 19.771
TNS   : 0.000

Type  : Slow 1200mV 0C Model Minimum Pulse Width 'PLL25_inst|altpll_component|auto_generated|pll1|clk[0]'
Slack : 499.671
TNS   : 0.000

Type  : Slow 1200mV 0C Model Minimum Pulse Width 'PLL25_inst|altpll_component|auto_generated|pll1|clk[1]'
Slack : 249999.717
TNS   : 0.000

Type  : Fast 1200mV 0C Model Setup 'PLL25_inst|altpll_component|auto_generated|pll1|clk[0]'
Slack : -2.493
TNS   : -26.539

Type  : Fast 1200mV 0C Model Setup 'ext_clk_25m'
Slack : -1.168
TNS   : -3.141

Type  : Fast 1200mV 0C Model Setup 'FDIV:FDIV_inst|FULL'
Slack : -0.945
TNS   : -10.599

Type  : Fast 1200mV 0C Model Setup 'SPKER:SPKER_inst|SPKS'
Slack : 0.626
TNS   : 0.000

Type  : Fast 1200mV 0C Model Setup 'PLL25_inst|altpll_component|auto_generated|pll1|clk[1]'
Slack : 499998.985
TNS   : 0.000

Type  : Fast 1200mV 0C Model Hold 'ext_clk_25m'
Slack : 0.187
TNS   : 0.000

Type  : Fast 1200mV 0C Model Hold 'PLL25_inst|altpll_component|auto_generated|pll1|clk[1]'
Slack : 0.193
TNS   : 0.000

Type  : Fast 1200mV 0C Model Hold 'FDIV:FDIV_inst|FULL'
Slack : 0.208
TNS   : 0.000

Type  : Fast 1200mV 0C Model Hold 'SPKER:SPKER_inst|SPKS'
Slack : 0.208
TNS   : 0.000

Type  : Fast 1200mV 0C Model Hold 'PLL25_inst|altpll_component|auto_generated|pll1|clk[0]'
Slack : 0.297
TNS   : 0.000

Type  : Fast 1200mV 0C Model Recovery 'PLL25_inst|altpll_component|auto_generated|pll1|clk[1]'
Slack : 499998.576
TNS   : 0.000

Type  : Fast 1200mV 0C Model Removal 'PLL25_inst|altpll_component|auto_generated|pll1|clk[1]'
Slack : 0.755
TNS   : 0.000

Type  : Fast 1200mV 0C Model Minimum Pulse Width 'FDIV:FDIV_inst|FULL'
Slack : -1.000
TNS   : -15.000

Type  : Fast 1200mV 0C Model Minimum Pulse Width 'SPKER:SPKER_inst|SPKS'
Slack : -1.000
TNS   : -1.000

Type  : Fast 1200mV 0C Model Minimum Pulse Width 'ext_clk_25m'
Slack : 19.435
TNS   : 0.000

Type  : Fast 1200mV 0C Model Minimum Pulse Width 'PLL25_inst|altpll_component|auto_generated|pll1|clk[0]'
Slack : 499.778
TNS   : 0.000

Type  : Fast 1200mV 0C Model Minimum Pulse Width 'PLL25_inst|altpll_component|auto_generated|pll1|clk[1]'
Slack : 249999.798
TNS   : 0.000

------------------------------------------------------------
